// Jest Snapshot v1, https://goo.gl/fbAQLP

exports[`Community Details screen test suite should render CommunityDetails screen correctly 1`] = `ShallowWrapper {}`;
