// Jest Snapshot v1, https://goo.gl/fbAQLP

exports[`Auth screen test suite should render Auth screen correctly 1`] = `ShallowWrapper {}`;
