// Jest Snapshot v1, https://goo.gl/fbAQLP

exports[`Auth screen test should render AuthScreen correctly 1`] = `null`;
