// Jest Snapshot v1, https://goo.gl/fbAQLP

exports[`CreateCommunity screen test suite should render CreateCommunity screen correctly 1`] = `ShallowWrapper {}`;
