// Jest Snapshot v1, https://goo.gl/fbAQLP

exports[`Beneficiary screen test suite should render beneficiary screen correctly 1`] = `ShallowWrapper {}`;
