// Jest Snapshot v1, https://goo.gl/fbAQLP

exports[`Communities screen test suite should render Communities screen correctly 1`] = `ShallowWrapper {}`;
