// Jest Snapshot v1, https://goo.gl/fbAQLP

exports[`Profile screen test suite should render Profile screen correctly 1`] = `ShallowWrapper {}`;
