// Jest Snapshot v1, https://goo.gl/fbAQLP

exports[`Splash screen test suite should render Splash screen correctly 1`] = `ShallowWrapper {}`;
