// Jest Snapshot v1, https://goo.gl/fbAQLP

exports[`FAQ screen test suite should render FAQ screen correctly 1`] = `ShallowWrapper {}`;
